  ▲ Next.js 14.2.35
  - Local:        http://localhost:3200
  - Network:      http://0.0.0.0:3200

 ✓ Starting...
 ✓ Ready in 222ms
  ▲ Next.js 14.2.35
  - Local:        http://localhost:3200
  - Network:      http://0.0.0.0:3200

 ✓ Starting...
 ✓ Ready in 165ms
  ▲ Next.js 14.2.35
  - Local:        http://localhost:3200
  - Network:      http://0.0.0.0:3200

 ✓ Starting...
 ✓ Ready in 170ms
  ▲ Next.js 14.2.35
  - Local:        http://localhost:3200
  - Network:      http://0.0.0.0:3200

 ✓ Starting...
 ✓ Ready in 166ms
  ▲ Next.js 14.2.35
  - Local:        http://localhost:3200
  - Network:      http://0.0.0.0:3200

 ✓ Starting...
 ✓ Ready in 178ms
